// Jest Snapshot v1, https://goo.gl/fbAQLP

exports[`render button with text 1`] = `
<button
  class="sc-bxivhb fCsCwt"
>
  Test Message
</button>
`;
